OdysseyAI — pre-publish check
gates: smoke
database: localhost/odyssey_tickets  sites on: localhost

========================================================================
  GATE 4 / smoke — every back-office screen in a browser
========================================================================
  a server is already on http://localhost:4100; restarting it so the crawl is not
  reading a degraded worker pool (pass --reuse-server to keep it)
  starting a dev server on http://localhost:4100
  server ready
  warming up…
signed in as tiaan@point-of-sale.co.za, landed on /

chose store: Odyssey Cafe Sea PointODY-CAFE-01 -> /dashboard

smoking 216 route(s) as tiaan@point-of-sale.co.za against http://localhost:4100

PASS  /accounting
PASS  /accounting/accounts
SKIP  /accounting/accounts/[id]  -- id lookup failed: Table 'ody10000_hybrid.gl_accounts' doesn't exist
PASS  /accounting/assets
SKIP  /accounting/assets/[id]  -- id lookup failed: Table 'ody10000_hybrid.fixed_assets' doesn't exist
SKIP  /accounting/assets/[id]/edit  -- id lookup failed: Table 'ody10000_hybrid.fixed_assets' doesn't exist
PASS  /accounting/assets/depreciation
PASS  /accounting/assets/new
PASS  /accounting/balance-sheet
PASS  /accounting/budgets
PASS  /accounting/cash-flow
PASS  /accounting/income-statement
PASS  /accounting/interest
PASS  /accounting/journals
SKIP  /accounting/journals/[id]  -- id lookup failed: Table 'ody10000_hybrid.journal_batches' doesn't exist
PASS  /accounting/journals/recurring
PASS  /accounting/periods
PASS  /accounting/trial-balance
PASS  /accounting/unallocated
PASS  /accounting/vat
PASS  /accounting/write-offs
PASS  /adjustments
SKIP  /adjustments/[id]  -- no id source configured
PASS  /adjustments/new
PASS  /batches
PASS  /cashbook
SKIP  /cashbook/[id]  -- id lookup failed: Table 'ody10000_hybrid.bank_accounts' doesn't exist
SKIP  /cashbook/[id]/edit  -- id lookup failed: Table 'ody10000_hybrid.bank_accounts' doesn't exist
PASS  /cashbook/import
PASS  /cashbook/new
PASS  /commission
SKIP  /commission/[id]  -- id lookup failed: Table 'ody10000_hybrid.commission_runs' doesn't exist
PASS  /commission/rules
PASS  /credit
PASS  /credit/levels
PASS  /credit/promises
PASS  /credit/runs
SKIP  /credit/runs/[id]  -- id lookup failed: Table 'ody10000_hybrid.dunning_runs' doesn't exist
PASS  /customers
SKIP  /customers/[id]  -- id lookup failed: Table 'ody10000_hybrid.customers' doesn't exist
SKIP  /customers/[id]/statement  -- id lookup failed: Table 'ody10000_hybrid.customers' doesn't exist
PASS  /customers/age-analysis
PASS  /customers/new
PASS  /customers/statements
SKIP  /customers/statements/[runId]  -- id lookup failed: Table 'ody10000_hybrid.customer_statement_runs' doesn't exist
PASS  /dashboard
PASS  /departments
SKIP  /departments/[id]  -- id lookup failed: Table 'ody10000_hybrid.departments' doesn't exist
PASS  /departments/new
PASS  /expenses
SKIP  /expenses/[id]  -- id lookup failed: Table 'ody10000_hybrid.expenses' doesn't exist
SKIP  /expenses/[id]/edit  -- id lookup failed: Table 'ody10000_hybrid.expenses' doesn't exist
PASS  /expenses/new
PASS  /expenses/recurring
PASS  /getting-started
PASS  /gift-cards
PASS  /instructions
SKIP  /instructions/[id]  -- id lookup failed: Table 'ody10000_hybrid.instruction_groups' doesn't exist
PASS  /instructions/new
PASS  /jobs
SKIP  /jobs/[id]  -- id lookup failed: Table 'ody10000_hybrid.job_cards' doesn't exist
SKIP  /jobs/[id]/edit  -- id lookup failed: Table 'ody10000_hybrid.job_cards' doesn't exist
PASS  /jobs/board
SKIP  /jobs/board/[slug]  -- id lookup failed: Table 'ody10000_hybrid.job_boards' doesn't exist
PASS  /jobs/equipment
SKIP  /jobs/equipment/[id]  -- id lookup failed: Table 'ody10000_hybrid.customer_assets' doesn't exist
SKIP  /jobs/equipment/[id]/edit  -- id lookup failed: Table 'ody10000_hybrid.customer_assets' doesn't exist
PASS  /jobs/equipment/new
PASS  /jobs/my-work
PASS  /jobs/new
PASS  /jobs/part-requests
PASS  /jobs/recurring
PASS  /jobs/reports
PASS  /jobs/requests
PASS  /jobs/schedule
PASS  /jobs/setup
PASS  /jobs/setup/calendars
PASS  /jobs/setup/forms
SKIP  /jobs/setup/forms/[id]  -- no id source configured
PASS  /jobs/setup/rules
PASS  /jobs/setup/workflow
PASS  /jobs/sla
PASS  /loyalty
PASS  /loyalty/cards
PASS  /loyalty/programme
PASS  /loyalty/tiers
PASS  /manufacturing
SKIP  /manufacturing/[id]  -- id lookup failed: Table 'ody10000_hybrid.manufacturing_orders' doesn't exist
PASS  /manufacturing/new
PASS  /not-allowed
PASS  /notifications
PASS  /online-store
PASS  /online-store/builder
PASS  /online-store/collections
PASS  /online-store/departments
PASS  /online-store/discounts
PASS  /online-store/funnel
PASS  /online-store/listing
PASS  /online-store/menu
PASS  /online-store/orders
PASS  /online-store/pages
PASS  /online-store/products
PASS  /online-store/reviews
PASS  /online-store/setup
PASS  /online-store/statuses
PASS  /online-store/trading
PASS  /pos
PASS  /pos-unlock
PASS  /pricing-schedules
SKIP  /pricing-schedules/[id]  -- no id source configured
PASS  /products
SKIP  /products/[id]  -- id lookup failed: Table 'ody10000_hybrid.products' doesn't exist
PASS  /products/bulk-pricing
PASS  /products/new
PASS  /purchasing
SKIP  /purchasing/[id]  -- id lookup failed: Table 'ody10000_hybrid.purchase_documents' doesn't exist
SKIP  /purchasing/[id]/edit  -- id lookup failed: Table 'ody10000_hybrid.purchase_documents' doesn't exist
SKIP  /purchasing/[id]/return  -- id lookup failed: Table 'ody10000_hybrid.purchase_documents' doesn't exist
PASS  /purchasing/new
PASS  /purchasing/receive
PASS  /purchasing/suggest
PASS  /reports
SKIP  /reports/[id]  -- id lookup failed: Table 'ody10000_hybrid.saved_reports' doesn't exist
PASS  /reports/ask
PASS  /reports/builder
PASS  /reports/multi-store
PASS  /reports/multi-store-balance-sheet
PASS  /reports/multi-store-income-statement
PASS  /reports/multi-store-like-for-like
PASS  /reports/multi-store-mix
PASS  /reports/multi-store-sales
PASS  /reports/multi-store-stock
PASS  /reports/multi-store-transfers
PASS  /reports/schedules
PASS  /reports/stock-intel
PASS  /sales
SKIP  /sales/[id]  -- no rows in the source table
SKIP  /sales/[id]/credit  -- no rows in the source table
PASS  /sales/cashup
SKIP  /sales/cashup/[shiftId]/declare  -- no id source configured
PASS  /sales/contracts
SKIP  /sales/contracts/[id]  -- id lookup failed: Table 'ody10000_hybrid.contracts' doesn't exist
SKIP  /sales/contracts/[id]/edit  -- id lookup failed: Table 'ody10000_hybrid.contracts' doesn't exist
PASS  /sales/contracts/new
PASS  /sales/offline
PASS  /sales/reservations
PASS  /sales/returns
PASS  /sales/tips
PASS  /security
PASS  /settings
PASS  /setup
PASS  /setup/alerts
PASS  /setup/audit
**FAIL**  /setup/billing  -- error overlay: src\lib\db.ts (87:31) @ query

  85 | /** SELECT returning rows. */
  86 | export async function query<T = RowDataPacket>(sql: string, params: unknown[] = []): Promise<T[]> {
> 87 |   const [rows] = await pool().execute(sql, asParams(params))
     |                               ^
  88 |   return rows as T[]
  89 | }
  90 | | src\lib\db.ts (87:31) @ query | 85 | /** SELECT returning rows. */
  86 | export async function query<T = RowDataPacket>(sql: string, params: unknown[] = []): Promise<T[]> {
> 87 |   const [rows] = await pool().execute(sql, asParams(params))
     |                        ; uncaught: Error: Too many connections
    at query (about://React/Server/C:%5CUsers%5Ctiaan%5CDocuments%5CGithub%5COdysseyAI%5C.next%5Cdev%5Cserver%5Cchunks%5Cssr%5C%5Broot-of-the-server%5D__0gna1pc._.js?0:3098:33)
    at billableDeviceCount (about://React/Server/C:%5CUsers%5Ctiaan%5CDocuments%5CGithub%5COdys
PASS  /setup/custom-fields
PASS  /setup/customer-groups
PASS  /setup/customer-portal
PASS  /setup/databases
PASS  /setup/email
PASS  /setup/expense-categories
PASS  /setup/import
SKIP  /setup/import/[entity]  -- no id source configured
PASS  /setup/laybys
PASS  /setup/linked-stores
PASS  /setup/locations
PASS  /setup/menu-designer
PASS  /setup/modules
PASS  /setup/numbering
PASS  /setup/opening-balances
PASS  /setup/payments
PASS  /setup/pos-menus
PASS  /setup/pricing
PASS  /setup/printing
PASS  /setup/quick-keys
PASS  /setup/reasons
PASS  /setup/reconciliation
PASS  /setup/roles
PASS  /setup/sms
PASS  /setup/stationery
PASS  /setup/store-info
**FAIL**  /setup/style-guide  -- error overlay: src/app/(app)/setup/style-guide/StyleGuide.tsx (238:9) @ StyleGuidePage  236 |         <TillTileSection />  237 |         <TenderTileSection />> 238 |         <SaleLineSection />      |         ^  239 |         <InstructionsSection />  240 |         <ReceiptSection />  241 |         <ReceiptReturnSection /> | src/app/(app)/setup/style-guide/StyleGuide.tsx (238:9) @ StyleGuidePage | 236 |         <TillTileSection />  237 |         <TenderTileSection />> 238 |         <SaleLineSection />      |         ^  239 |         <InstructionsSection />  240 |         <ReceiptSection />  241 |         <Rec
PASS  /setup/tables
PASS  /setup/tender-types
PASS  /setup/terminals
PASS  /setup/training
PASS  /setup/users
PASS  /specials
PASS  /staff
PASS  /staff/clock
PASS  /staff/cost
PASS  /staff/leave
PASS  /staff/leave-types
PASS  /staff/pay-rules
PASS  /staff/timesheets
PASS  /stock-takes
SKIP  /stock-takes/[id]  -- id lookup failed: Table 'ody10000_hybrid.stock_takes' doesn't exist
